building Nix...
building the system configuration...
these 16 derivations will be built:
  /nix/store/8nqbypbjawf4qj0z5q9zfy0yxbg3fssp-udev-rules.drv
  /nix/store/03iikriwm1brix1wccfhfgyvwq8p3hh1-X-Restart-Triggers-systemd-udevd.drv
  /nix/store/nm2cs608qg9v3j35mrs8xc1qwcr8bywm-system-path.drv
  /nix/store/hdahmprqd1sysrqiz254yrydh59vdjhb-dbus-1.drv
  /nix/store/1mgkh5y5qllvamq1zlzxhjzbk33nzhv9-X-Restart-Triggers-dbus.drv
  /nix/store/5vydvmnlxk04vi2wvqzwb35qs5kdm538-X-Restart-Triggers-polkit.drv
  /nix/store/8zzil1ggwa6rcl80igcnbm5mmnzw69qq-unit-dbus.service.drv
  /nix/store/63crcz8x54fj2gyhbxzs6x50f1x8y7gq-user-units.drv
  /nix/store/7k2lqpa0ngyl82ayv2bjdbps1kcwh3h0-users-groups.json.drv
  /nix/store/8iw4slz6rhfvrzrxwjkbrz1qazrv09qi-unit-polkit.service.drv
  /nix/store/9allpbfh1v56vsdb70fgld26y5qh3cyc-unit-systemd-udevd.service.drv
  /nix/store/swsbm2sbc914an42s4klyyx44hwkmy2b-unit-dbus.service.drv
  /nix/store/c1wivgg5g51kd0kfly0d8919vsq28rhr-system-units.drv
  /nix/store/vqb0w47sc4b50g4cx2pvqnhdi6r4hgh2-hwdb.bin.drv
  /nix/store/969zi2jxdm33m2yqwshzr9n11apslk48-etc.drv
  /nix/store/f6wf1jw40c3grrgyfqib7fqw7pivzppm-nixos-system-didact-25.05pre791210.5461b7fa65f3.drv
this path will be fetched (0.01 MiB download, 0.04 MiB unpacked):
  /nix/store/ryxpxxgis8yrj85xdvqsjxp3hjb4s2yp-android-udev-rules-20250314
copying path '/nix/store/ryxpxxgis8yrj85xdvqsjxp3hjb4s2yp-android-udev-rules-20250314' from 'https://cache.nixos.org'...
building '/nix/store/nm2cs608qg9v3j35mrs8xc1qwcr8bywm-system-path.drv'...
building '/nix/store/7k2lqpa0ngyl82ayv2bjdbps1kcwh3h0-users-groups.json.drv'...
building '/nix/store/vqb0w47sc4b50g4cx2pvqnhdi6r4hgh2-hwdb.bin.drv'...
warning: collision between `/nix/store/l56qaac2gk082g2vpx4jir4cdn4n7wf8-trashy-2.0.0/share/zsh/site-functions/_trash' and `/nix/store/l9fbg5gcmgjjz558va22477vhsqdv7kj-trash-cli-0.24.5.26/share/zsh/site-functions/_trash'
warning: collision between `/nix/store/l56qaac2gk082g2vpx4jir4cdn4n7wf8-trashy-2.0.0/share/bash-completion/completions/trash.bash' and `/nix/store/l9fbg5gcmgjjz558va22477vhsqdv7kj-trash-cli-0.24.5.26/share/bash-completion/completions/trash.bash'
warning: collision between `/nix/store/l56qaac2gk082g2vpx4jir4cdn4n7wf8-trashy-2.0.0/bin/trash' and `/nix/store/l9fbg5gcmgjjz558va22477vhsqdv7kj-trash-cli-0.24.5.26/bin/trash'
Adding hwdb files for package /nix/store/dzh1b0f5x3jypzn78hmhl0p4q296z6z8-systemd-257.3
Adding hwdb files for package /nix/store/19l8rfra7a9i1w5cllvwxv9ps0sssqdk-ipv6-privacy-extensions.rules
Adding hwdb files for package /nix/store/qcydmg3f0gbbnlhbi2vyvbl1bgifyrhs-ipv6-privacy-extensions.rules
Adding hwdb files for package /nix/store/nyw0b308nn6rpn3ym8427hq5q2wz2ka5-lvm2-2.03.31
Adding hwdb files for package /nix/store/l204kxmgmfw9zzq65nrwwhkajnk87vk9-bcache-tools-1.0.8
Adding hwdb files for package /nix/store/mbh63vrirdrw16ra35bpm8vp94clma4m-brlaser-6.2.7
Adding hwdb files for package /nix/store/4bjcdxp72nlpwskzc9b40hb2fi618cql-cups-brother-dcpt310-1.0.1
Adding hwdb files for package /nix/store/7wzpjg2kiw2q6308gwzc2mqd3671gqn4-networkmanager-1.52.0
Adding hwdb files for package /nix/store/3nvpfnvxhp1rlsxwiagqgrys1hxkahad-NetworkManager-fortisslvpn-gnome-1.4.0
Adding hwdb files for package /nix/store/dc99bgxi7b2hgh5yqqds95bp7f8yp0rn-NetworkManager-iodine-gnome-1.2.0-unstable-2024-11-02
Adding hwdb files for package /nix/store/jg20mqqm9v1b2snp0rknj9aqgg7r4hj3-NetworkManager-l2tp-gnome-1.20.20
Adding hwdb files for package /nix/store/k8nirrlgazq478ck8nfb922rqpqi2xab-NetworkManager-openconnect-1.2.10
Adding hwdb files for package /nix/store/q15plhpkm7h3gzflmki1li0jb76v5bpy-NetworkManager-openvpn-1.12.0
Adding hwdb files for package /nix/store/1i5p6mnn22wa1pyhhbm5g04ssg34dpzl-NetworkManager-vpnc-1.4.0
Adding hwdb files for package /nix/store/bgd37riwrcndcrv3dvfmh1ahw9imscka-NetworkManager-sstp-gnome-1.3.2
Adding hwdb files for package /nix/store/gx7nj8ll3rdr7k3g9wysdyaabncii1gh-wpa_supplicant-2.11
Adding hwdb files for package /nix/store/z21jp5qlsaj3l2hx5m1lhjxlj2wfw5jx-modemmanager-1.22.0
Adding hwdb files for package /nix/store/sh0crrqgg7rvfk7lww3wsfz7v63p8h23-extra-udev-rules
Adding hwdb files for package /nix/store/vaplfz9wnxkwvda1zy0r3fxl4kb3wfs3-extra-hwdb-file
Adding hwdb files for package /nix/store/8lczbcg752mjjxrc435i99bal009j8hd-bluez-5.80
Adding hwdb files for package /nix/store/paky6a4ddwgcwg21nywwa92yf1ihxhkf-pipewire-1.4.1
Adding hwdb files for package /nix/store/ryxpxxgis8yrj85xdvqsjxp3hjb4s2yp-android-udev-rules-20250314
Generating hwdb database...
created 10100 symlinks in user environment

building '/nix/store/8nqbypbjawf4qj0z5q9zfy0yxbg3fssp-udev-rules.drv'...
building '/nix/store/5vydvmnlxk04vi2wvqzwb35qs5kdm538-X-Restart-Triggers-polkit.drv'...
Adding rules for package /nix/store/19l8rfra7a9i1w5cllvwxv9ps0sssqdk-ipv6-privacy-extensions.rules
Copying /nix/store/19l8rfra7a9i1w5cllvwxv9ps0sssqdk-ipv6-privacy-extensions.rules/etc/udev/rules.d/98-ipv6-privacy-extensions.rules to /nix/store/apsqfvxgklp5520qk4il058z3wjrrs74-udev-rules/98-ipv6-privacy-extensions.rules
Adding rules for package /nix/store/qcydmg3f0gbbnlhbi2vyvbl1bgifyrhs-ipv6-privacy-extensions.rules
Copying /nix/store/qcydmg3f0gbbnlhbi2vyvbl1bgifyrhs-ipv6-privacy-extensions.rules/etc/udev/rules.d/99-ipv6-privacy-extensions.rules to /nix/store/apsqfvxgklp5520qk4il058z3wjrrs74-udev-rules/99-ipv6-privacy-extensions.rules
Adding rules for package /nix/store/nyw0b308nn6rpn3ym8427hq5q2wz2ka5-lvm2-2.03.31
Copying /nix/store/nyw0b308nn6rpn3ym8427hq5q2wz2ka5-lvm2-2.03.31/lib/udev/rules.d/10-dm.rules to /nix/store/apsqfvxgklp5520qk4il058z3wjrrs74-udev-rules/10-dm.rules
Copying /nix/store/nyw0b308nn6rpn3ym8427hq5q2wz2ka5-lvm2-2.03.31/lib/udev/rules.d/11-dm-lvm.rules to /nix/store/apsqfvxgklp5520qk4il058z3wjrrs74-udev-rules/11-dm-lvm.rules
Copying /nix/store/nyw0b308nn6rpn3ym8427hq5q2wz2ka5-lvm2-2.03.31/lib/udev/rules.d/13-dm-disk.rules to /nix/store/apsqfvxgklp5520qk4il058z3wjrrs74-udev-rules/13-dm-disk.rules
Copying /nix/store/nyw0b308nn6rpn3ym8427hq5q2wz2ka5-lvm2-2.03.31/lib/udev/rules.d/69-dm-lvm.rules to /nix/store/apsqfvxgklp5520qk4il058z3wjrrs74-udev-rules/69-dm-lvm.rules
Copying /nix/store/nyw0b308nn6rpn3ym8427hq5q2wz2ka5-lvm2-2.03.31/lib/udev/rules.d/95-dm-notify.rules to /nix/store/apsqfvxgklp5520qk4il058z3wjrrs74-udev-rules/95-dm-notify.rules
Adding rules for package /nix/store/l204kxmgmfw9zzq65nrwwhkajnk87vk9-bcache-tools-1.0.8
Copying /nix/store/l204kxmgmfw9zzq65nrwwhkajnk87vk9-bcache-tools-1.0.8/lib/udev/rules.d/69-bcache.rules to /nix/store/apsqfvxgklp5520qk4il058z3wjrrs74-udev-rules/69-bcache.rules
Adding rules for package /nix/store/mbh63vrirdrw16ra35bpm8vp94clma4m-brlaser-6.2.7
Adding rules for package /nix/store/4bjcdxp72nlpwskzc9b40hb2fi618cql-cups-brother-dcpt310-1.0.1
Adding rules for package /nix/store/7wzpjg2kiw2q6308gwzc2mqd3671gqn4-networkmanager-1.52.0
Copying /nix/store/7wzpjg2kiw2q6308gwzc2mqd3671gqn4-networkmanager-1.52.0/lib/udev/rules.d/84-nm-drivers.rules to /nix/store/apsqfvxgklp5520qk4il058z3wjrrs74-udev-rules/84-nm-drivers.rules
Copying /nix/store/7wzpjg2kiw2q6308gwzc2mqd3671gqn4-networkmanager-1.52.0/lib/udev/rules.d/85-nm-unmanaged.rules to /nix/store/apsqfvxgklp5520qk4il058z3wjrrs74-udev-rules/85-nm-unmanaged.rules
Copying /nix/store/7wzpjg2kiw2q6308gwzc2mqd3671gqn4-networkmanager-1.52.0/lib/udev/rules.d/90-nm-thunderbolt.rules to /nix/store/apsqfvxgklp5520qk4il058z3wjrrs74-udev-rules/90-nm-thunderbolt.rules
Adding rules for package /nix/store/3nvpfnvxhp1rlsxwiagqgrys1hxkahad-NetworkManager-fortisslvpn-gnome-1.4.0
Adding rules for package /nix/store/dc99bgxi7b2hgh5yqqds95bp7f8yp0rn-NetworkManager-iodine-gnome-1.2.0-unstable-2024-11-02
Adding rules for package /nix/store/jg20mqqm9v1b2snp0rknj9aqgg7r4hj3-NetworkManager-l2tp-gnome-1.20.20
Adding rules for package /nix/store/k8nirrlgazq478ck8nfb922rqpqi2xab-NetworkManager-openconnect-1.2.10
Adding rules for package /nix/store/q15plhpkm7h3gzflmki1li0jb76v5bpy-NetworkManager-openvpn-1.12.0
Adding rules for package /nix/store/1i5p6mnn22wa1pyhhbm5g04ssg34dpzl-NetworkManager-vpnc-1.4.0
Adding rules for package /nix/store/bgd37riwrcndcrv3dvfmh1ahw9imscka-NetworkManager-sstp-gnome-1.3.2
Adding rules for package /nix/store/gx7nj8ll3rdr7k3g9wysdyaabncii1gh-wpa_supplicant-2.11
Adding rules for package /nix/store/z21jp5qlsaj3l2hx5m1lhjxlj2wfw5jx-modemmanager-1.22.0
Copying /nix/store/z21jp5qlsaj3l2hx5m1lhjxlj2wfw5jx-modemmanager-1.22.0/lib/udev/rules.d/77-mm-broadmobi-port-types.rules to /nix/store/apsqfvxgklp5520qk4il058z3wjrrs74-udev-rules/77-mm-broadmobi-port-types.rules
Copying /nix/store/z21jp5qlsaj3l2hx5m1lhjxlj2wfw5jx-modemmanager-1.22.0/lib/udev/rules.d/77-mm-cinterion-port-types.rules to /nix/store/apsqfvxgklp5520qk4il058z3wjrrs74-udev-rules/77-mm-cinterion-port-types.rules
Copying /nix/store/z21jp5qlsaj3l2hx5m1lhjxlj2wfw5jx-modemmanager-1.22.0/lib/udev/rules.d/77-mm-dell-port-types.rules to /nix/store/apsqfvxgklp5520qk4il058z3wjrrs74-udev-rules/77-mm-dell-port-types.rules
Copying /nix/store/z21jp5qlsaj3l2hx5m1lhjxlj2wfw5jx-modemmanager-1.22.0/lib/udev/rules.d/77-mm-dlink-port-types.rules to /nix/store/apsqfvxgklp5520qk4il058z3wjrrs74-udev-rules/77-mm-dlink-port-types.rules
Copying /nix/store/z21jp5qlsaj3l2hx5m1lhjxlj2wfw5jx-modemmanager-1.22.0/lib/udev/rules.d/77-mm-ericsson-mbm.rules to /nix/store/apsqfvxgklp5520qk4il058z3wjrrs74-udev-rules/77-mm-ericsson-mbm.rules
Copying /nix/store/z21jp5qlsaj3l2hx5m1lhjxlj2wfw5jx-modemmanager-1.22.0/lib/udev/rules.d/77-mm-fibocom-port-types.rules to /nix/store/apsqfvxgklp5520qk4il058z3wjrrs74-udev-rules/77-mm-fibocom-port-types.rules
Copying /nix/store/z21jp5qlsaj3l2hx5m1lhjxlj2wfw5jx-modemmanager-1.22.0/lib/udev/rules.d/77-mm-foxconn-port-types.rules to /nix/store/apsqfvxgklp5520qk4il058z3wjrrs74-udev-rules/77-mm-foxconn-port-types.rules
Copying /nix/store/z21jp5qlsaj3l2hx5m1lhjxlj2wfw5jx-modemmanager-1.22.0/lib/udev/rules.d/77-mm-gosuncn-port-types.rules to /nix/store/apsqfvxgklp5520qk4il058z3wjrrs74-udev-rules/77-mm-gosuncn-port-types.rules
Copying /nix/store/z21jp5qlsaj3l2hx5m1lhjxlj2wfw5jx-modemmanager-1.22.0/lib/udev/rules.d/77-mm-haier-port-types.rules to /nix/store/apsqfvxgklp5520qk4il058z3wjrrs74-udev-rules/77-mm-haier-port-types.rules
Copying /nix/store/z21jp5qlsaj3l2hx5m1lhjxlj2wfw5jx-modemmanager-1.22.0/lib/udev/rules.d/77-mm-huawei-net-port-types.rules to /nix/store/apsqfvxgklp5520qk4il058z3wjrrs74-udev-rules/77-mm-huawei-net-port-types.rules
Copying /nix/store/z21jp5qlsaj3l2hx5m1lhjxlj2wfw5jx-modemmanager-1.22.0/lib/udev/rules.d/77-mm-linktop-port-types.rules to /nix/store/apsqfvxgklp5520qk4il058z3wjrrs74-udev-rules/77-mm-linktop-port-types.rules
Copying /nix/store/z21jp5qlsaj3l2hx5m1lhjxlj2wfw5jx-modemmanager-1.22.0/lib/udev/rules.d/77-mm-longcheer-port-types.rules to /nix/store/apsqfvxgklp5520qk4il058z3wjrrs74-udev-rules/77-mm-longcheer-port-types.rules
Copying /nix/store/z21jp5qlsaj3l2hx5m1lhjxlj2wfw5jx-modemmanager-1.22.0/lib/udev/rules.d/77-mm-mtk-port-types.rules to /nix/store/apsqfvxgklp5520qk4il058z3wjrrs74-udev-rules/77-mm-mtk-port-types.rules
Copying /nix/store/z21jp5qlsaj3l2hx5m1lhjxlj2wfw5jx-modemmanager-1.22.0/lib/udev/rules.d/77-mm-nokia-port-types.rules to /nix/store/apsqfvxgklp5520qk4il058z3wjrrs74-udev-rules/77-mm-nokia-port-types.rules
Copying /nix/store/z21jp5qlsaj3l2hx5m1lhjxlj2wfw5jx-modemmanager-1.22.0/lib/udev/rules.d/77-mm-qcom-soc.rules to /nix/store/apsqfvxgklp5520qk4il058z3wjrrs74-udev-rules/77-mm-qcom-soc.rules
Copying /nix/store/z21jp5qlsaj3l2hx5m1lhjxlj2wfw5jx-modemmanager-1.22.0/lib/udev/rules.d/77-mm-quectel-port-types.rules to /nix/store/apsqfvxgklp5520qk4il058z3wjrrs74-udev-rules/77-mm-quectel-port-types.rules
Copying /nix/store/z21jp5qlsaj3l2hx5m1lhjxlj2wfw5jx-modemmanager-1.22.0/lib/udev/rules.d/77-mm-sierra.rules to /nix/store/apsqfvxgklp5520qk4il058z3wjrrs74-udev-rules/77-mm-sierra.rules
Copying /nix/store/z21jp5qlsaj3l2hx5m1lhjxlj2wfw5jx-modemmanager-1.22.0/lib/udev/rules.d/77-mm-simtech-port-types.rules to /nix/store/apsqfvxgklp5520qk4il058z3wjrrs74-udev-rules/77-mm-simtech-port-types.rules
Copying /nix/store/z21jp5qlsaj3l2hx5m1lhjxlj2wfw5jx-modemmanager-1.22.0/lib/udev/rules.d/77-mm-telit-port-types.rules to /nix/store/apsqfvxgklp5520qk4il058z3wjrrs74-udev-rules/77-mm-telit-port-types.rules
Copying /nix/store/z21jp5qlsaj3l2hx5m1lhjxlj2wfw5jx-modemmanager-1.22.0/lib/udev/rules.d/77-mm-tplink-port-types.rules to /nix/store/apsqfvxgklp5520qk4il058z3wjrrs74-udev-rules/77-mm-tplink-port-types.rules
Copying /nix/store/z21jp5qlsaj3l2hx5m1lhjxlj2wfw5jx-modemmanager-1.22.0/lib/udev/rules.d/77-mm-ublox-port-types.rules to /nix/store/apsqfvxgklp5520qk4il058z3wjrrs74-udev-rules/77-mm-ublox-port-types.rules
Copying /nix/store/z21jp5qlsaj3l2hx5m1lhjxlj2wfw5jx-modemmanager-1.22.0/lib/udev/rules.d/77-mm-x22x-port-types.rules to /nix/store/apsqfvxgklp5520qk4il058z3wjrrs74-udev-rules/77-mm-x22x-port-types.rules
Copying /nix/store/z21jp5qlsaj3l2hx5m1lhjxlj2wfw5jx-modemmanager-1.22.0/lib/udev/rules.d/77-mm-zte-port-types.rules to /nix/store/apsqfvxgklp5520qk4il058z3wjrrs74-udev-rules/77-mm-zte-port-types.rules
Copying /nix/store/z21jp5qlsaj3l2hx5m1lhjxlj2wfw5jx-modemmanager-1.22.0/lib/udev/rules.d/80-mm-candidate.rules to /nix/store/apsqfvxgklp5520qk4il058z3wjrrs74-udev-rules/80-mm-candidate.rules
Adding rules for package /nix/store/sh0crrqgg7rvfk7lww3wsfz7v63p8h23-extra-udev-rules
Copying /nix/store/sh0crrqgg7rvfk7lww3wsfz7v63p8h23-extra-udev-rules/etc/udev/rules.d/99-local.rules to /nix/store/apsqfvxgklp5520qk4il058z3wjrrs74-udev-rules/99-local.rules
Adding rules for package /nix/store/vaplfz9wnxkwvda1zy0r3fxl4kb3wfs3-extra-hwdb-file
Adding rules for package /nix/store/8lczbcg752mjjxrc435i99bal009j8hd-bluez-5.80
Copying /nix/store/8lczbcg752mjjxrc435i99bal009j8hd-bluez-5.80/lib/udev/rules.d/97-hid2hci.rules to /nix/store/apsqfvxgklp5520qk4il058z3wjrrs74-udev-rules/97-hid2hci.rules
Adding rules for package /nix/store/paky6a4ddwgcwg21nywwa92yf1ihxhkf-pipewire-1.4.1
Copying /nix/store/paky6a4ddwgcwg21nywwa92yf1ihxhkf-pipewire-1.4.1/lib/udev/rules.d/90-pipewire-alsa.rules to /nix/store/apsqfvxgklp5520qk4il058z3wjrrs74-udev-rules/90-pipewire-alsa.rules
Adding rules for package /nix/store/ryxpxxgis8yrj85xdvqsjxp3hjb4s2yp-android-udev-rules-20250314
Copying /nix/store/ryxpxxgis8yrj85xdvqsjxp3hjb4s2yp-android-udev-rules-20250314/lib/udev/rules.d/51-android.rules to /nix/store/apsqfvxgklp5520qk4il058z3wjrrs74-udev-rules/51-android.rules
Checking that all programs called by relative paths in udev rules exist in /nix/store/dzh1b0f5x3jypzn78hmhl0p4q296z6z8-systemd-257.3/lib/udev... OK
Checking that all programs called by absolute paths in udev rules exist... OK
building '/nix/store/hdahmprqd1sysrqiz254yrydh59vdjhb-dbus-1.drv'...
building '/nix/store/03iikriwm1brix1wccfhfgyvwq8p3hh1-X-Restart-Triggers-systemd-udevd.drv'...
building '/nix/store/8iw4slz6rhfvrzrxwjkbrz1qazrv09qi-unit-polkit.service.drv'...
building '/nix/store/1mgkh5y5qllvamq1zlzxhjzbk33nzhv9-X-Restart-Triggers-dbus.drv'...
building '/nix/store/9allpbfh1v56vsdb70fgld26y5qh3cyc-unit-systemd-udevd.service.drv'...
building '/nix/store/8zzil1ggwa6rcl80igcnbm5mmnzw69qq-unit-dbus.service.drv'...
building '/nix/store/swsbm2sbc914an42s4klyyx44hwkmy2b-unit-dbus.service.drv'...
building '/nix/store/63crcz8x54fj2gyhbxzs6x50f1x8y7gq-user-units.drv'...
building '/nix/store/c1wivgg5g51kd0kfly0d8919vsq28rhr-system-units.drv'...
building '/nix/store/969zi2jxdm33m2yqwshzr9n11apslk48-etc.drv'...
building '/nix/store/f6wf1jw40c3grrgyfqib7fqw7pivzppm-nixos-system-didact-25.05pre791210.5461b7fa65f3.drv'...
updating GRUB 2 menu...
activating the configuration...
setting up /etc...
reloading user units for upsher...
restarting sysinit-reactivation.target
reloading the following units: dbus.service
restarting the following units: polkit.service, systemd-udevd.service
the following new units were started: flatpak-repo.service, NetworkManager-dispatcher.service
Done. The new configuration is /nix/store/zhcasqgy6q4ww3dyl3gl6ix769wprmnl-nixos-system-didact-25.05pre791210.5461b7fa65f3
